// Jest Snapshot v1, https://goo.gl/fbAQLP

exports[`Storyshots Placeholder Stream Placeholder 1`] = `
<ul
  className="placeholder w-full animate-pulse"
  data-testid="placeholder"
>
  <li
    className="placeholder-item px-0 py-5"
    data-testid="placeholder-item"
  >
    <div
      className="h-48 w-full rounded-md bg-gray-200"
    />
    <div
      className="mt-4 h-8 w-10/12 rounded-md bg-gray-200 lg:w-8/12"
    />
    <div
      className="mt-3 h-4 w-4/12 rounded-md bg-gray-200 lg:w-2/12"
    />
    <div
      className="mt-2 h-4 w-3/12 rounded-md bg-gray-200 lg:w-1/12"
    />
  </li>
  <li
    className="placeholder-item px-0 py-5 border-t border-gray-300"
    data-testid="placeholder-item"
  >
    <div
      className="h-48 w-full rounded-md bg-gray-200"
    />
    <div
      className="mt-4 h-8 w-10/12 rounded-md bg-gray-200 lg:w-8/12"
    />
    <div
      className="mt-3 h-4 w-4/12 rounded-md bg-gray-200 lg:w-2/12"
    />
    <div
      className="mt-2 h-4 w-3/12 rounded-md bg-gray-200 lg:w-1/12"
    />
  </li>
  <li
    className="placeholder-item px-0 py-5 border-t border-gray-300"
    data-testid="placeholder-item"
  >
    <div
      className="h-48 w-full rounded-md bg-gray-200"
    />
    <div
      className="mt-4 h-8 w-10/12 rounded-md bg-gray-200 lg:w-8/12"
    />
    <div
      className="mt-3 h-4 w-4/12 rounded-md bg-gray-200 lg:w-2/12"
    />
    <div
      className="mt-2 h-4 w-3/12 rounded-md bg-gray-200 lg:w-1/12"
    />
  </li>
</ul>
`;
